// Jest Snapshot v1, https://goo.gl/fbAQLP

exports[`List component should show a list 1`] = `
<ul>
  <li
    key="test 1"
  >
    test 1
  </li>
  <li
    key="test 2"
  >
    test 2
  </li>
  <li
    key="test 3"
  >
    test 3
  </li>
</ul>
`;
