// Jest Snapshot v1, https://goo.gl/fbAQLP

exports[`App component renders App 1`] = `
<BrowserRouter>
  <Switch>
    <Route
      component={[Function]}
      path="/home"
    />
    <Route
      component={[Function]}
      path="/character/:id"
    />
  </Switch>
</BrowserRouter>
`;
